vite v5.4.21 building for production...
transforming...
✓ 62 modules transformed.
